      Step     Time          Energy          fmax
BFGS:    0 13:42:54     -285.755019        0.583443
BFGS:    1 14:08:44     -285.812668        0.431194
BFGS:    2 14:45:11     -285.876422        0.258412
BFGS:    3 15:13:25     -285.890235        0.230018
BFGS:    4 15:49:40     -285.915224        0.083484
BFGS:    5 16:11:12     -285.917713        0.065390
BFGS:    6 16:41:59     -285.920740        0.077063
BFGS:    7 17:16:49     -285.923180        0.068444
BFGS:    8 17:50:21     -285.925028        0.059444
BFGS:    9 18:14:28     -285.925900        0.051785
BFGS:   10 18:37:17     -285.926811        0.037973
BFGS:   11 19:12:09     -285.927562        0.047784
BFGS:   12 19:34:55     -285.928118        0.038606
BFGS:   13 20:03:00     -285.928481        0.037175
BFGS:   14 20:19:10     -285.928676        0.030880
BFGS:   15 20:36:37     -285.928840        0.021608
      Step     Time          Energy          fmax
BFGS:    0 12:39:58     -285.755019        0.583443
BFGS:    1 13:11:34     -285.812668        0.431194
BFGS:    2 13:48:34     -285.876422        0.258412
BFGS:    3 14:16:37     -285.890235        0.230018
BFGS:    4 14:52:30     -285.915224        0.083484
BFGS:    5 15:13:47     -285.917713        0.065392
BFGS:    6 15:44:12     -285.920740        0.077068
BFGS:    7 16:18:43     -285.923180        0.068429
BFGS:    8 16:50:29     -285.925027        0.061010
BFGS:    9 17:14:18     -285.925906        0.051780
BFGS:   10 17:36:53     -285.926812        0.038336
BFGS:   11 18:04:39     -285.927548        0.046817
BFGS:   12 18:37:48     -285.928168        0.035809
BFGS:   13 19:05:37     -285.928476        0.040405
BFGS:   14 19:22:58     -285.928680        0.031457
BFGS:   15 19:41:34     -285.928858        0.020921
      Step     Time          Energy          fmax
BFGS:    0 18:50:32     -285.755019        0.583443
BFGS:    1 19:15:13     -285.812668        0.431194
BFGS:    2 19:49:53     -285.876422        0.258412
BFGS:    3 20:16:06     -285.890235        0.230018
BFGS:    4 20:49:44     -285.915224        0.083484
BFGS:    5 21:09:51     -285.917713        0.065392
BFGS:    6 21:38:57     -285.920740        0.077069
BFGS:    7 22:11:47     -285.923180        0.068426
BFGS:    8 22:42:20     -285.925027        0.056204
BFGS:    9 23:05:17     -285.925883        0.052119
BFGS:   10 23:40:44     -285.926830        0.040645
BFGS:   11 00:02:25     -285.927516        0.048512
BFGS:   12 00:24:13     -285.928193        0.033923
BFGS:   13 00:49:46     -285.928539        0.033382
BFGS:   14 01:05:04     -285.928693        0.027443
      Step     Time          Energy          fmax
BFGS:    0 13:41:12     -285.755019        0.583443
BFGS:    1 14:05:32     -285.812668        0.431194
BFGS:    2 14:39:59     -285.876422        0.258412
BFGS:    3 15:06:41     -285.890235        0.230018
BFGS:    4 15:40:58     -285.915224        0.083484
BFGS:    5 16:01:23     -285.917713        0.065390
BFGS:    6 16:30:26     -285.920740        0.077063
BFGS:    7 17:03:19     -285.923180        0.068444
BFGS:    8 17:35:01     -285.925028        0.059444
BFGS:    9 17:57:53     -285.925900        0.051785
BFGS:   10 18:19:27     -285.926811        0.037973
BFGS:   11 18:52:14     -285.927562        0.047784
BFGS:   12 19:13:42     -285.928118        0.038606
BFGS:   13 19:40:13     -285.928481        0.037175
BFGS:   14 19:55:28     -285.928676        0.030880
BFGS:   15 20:11:55     -285.928840        0.021608
