      Step     Time          Energy          fmax
BFGS:    0 20:37:03     -285.928840        0.150537
BFGS:    1 21:29:32     -285.929694        0.149399
BFGS:    2 22:21:51     -285.951521        0.098456
BFGS:    3 23:20:06     -285.957521        0.112737
BFGS:    4 00:14:17     -285.959236        0.081540
BFGS:    5 01:08:20     -285.960719        0.052402
BFGS:    6 02:08:52     -285.961563        0.054220
BFGS:    7 03:02:57     -285.962645        0.053381
BFGS:    8 03:58:04     -285.963450        0.037191
BFGS:    9 04:54:41     -285.963963        0.038403
BFGS:   10 05:52:23     -285.964181        0.030272
BFGS:   11 06:57:15     -285.964338        0.027534
      Step     Time          Energy          fmax
BFGS:    0 19:42:00     -285.928858        0.150897
BFGS:    1 20:37:38     -285.929708        0.149211
BFGS:    2 21:38:11     -285.953207        0.130225
BFGS:    3 22:30:47     -285.957968        0.122620
BFGS:    4 23:33:38     -285.960327        0.068305
BFGS:    5 00:30:51     -285.961273        0.048396
BFGS:    6 01:39:54     -285.961981        0.053320
BFGS:    7 02:36:56     -285.962881        0.058440
BFGS:    8 03:43:49     -285.963718        0.044144
BFGS:    9 04:40:46     -285.964134        0.019917
      Step     Time          Energy          fmax
BFGS:    0 01:05:28     -285.928693        0.151421
BFGS:    1 02:00:33     -285.929593        0.149158
BFGS:    2 02:52:13     -285.946104        0.168825
BFGS:    3 03:42:57     -285.949904        0.189307
BFGS:    4 04:37:37     -285.957003        0.158510
BFGS:    5 05:31:13     -285.960202        0.079666
BFGS:    6 06:32:07     -285.961774        0.049752
BFGS:    7 07:36:10     -285.962397        0.032248
BFGS:    8 08:34:57     -285.963101        0.036177
BFGS:    9 09:38:41     -285.963774        0.039935
BFGS:   10 10:41:19     -285.964238        0.037512
BFGS:   11 11:40:46     -285.964443        0.027253
      Step     Time          Energy          fmax
BFGS:    0 20:12:19     -285.928840        0.150537
BFGS:    1 21:02:13     -285.929694        0.149399
BFGS:    2 21:52:12     -285.951521        0.098456
BFGS:    3 22:47:21     -285.957521        0.112737
BFGS:    4 23:38:22     -285.959236        0.081540
BFGS:    5 00:29:51     -285.960719        0.052402
BFGS:    6 01:28:15     -285.961563        0.054220
BFGS:    7 02:20:17     -285.962645        0.053381
BFGS:    8 03:13:36     -285.963450        0.037191
BFGS:    9 04:08:01     -285.963963        0.038403
BFGS:   10 05:03:22     -285.964181        0.030272
BFGS:   11 06:05:11     -285.964338        0.027534
