      Step     Time          Energy          fmax
BFGS:    0 07:22:04     -285.964533        0.020942
BFGS:    1 08:18:56     -285.964577        0.021460
BFGS:    2 09:16:37     -285.964751        0.023344
BFGS:    3 10:13:12     -285.964870        0.023857
BFGS:    4 11:12:17     -285.964996        0.022206
BFGS:    5 12:07:30     -285.965155        0.019573
BFGS:    6 13:02:55     -285.965310        0.015842
BFGS:    7 13:55:42     -285.965443        0.017752
BFGS:    8 14:48:27     -285.965623        0.021571
BFGS:    9 15:46:05     -285.965910        0.024714
BFGS:   10 16:40:08     -285.966170        0.020992
BFGS:   11 17:32:48     -285.966358        0.020002
BFGS:   12 18:27:49     -285.966487        0.021697
BFGS:   13 19:21:35     -285.966603        0.020718
BFGS:   14 20:15:06     -285.966777        0.023531
BFGS:   15 21:07:54     -285.966964        0.033778
BFGS:   16 22:00:07     -285.967097        0.030447
BFGS:   17 23:01:37     -285.967212        0.015236
BFGS:   18 23:58:57     -285.967262        0.013340
      Step     Time          Energy          fmax
BFGS:    0 05:07:10     -285.964514        0.025178
BFGS:    1 06:08:01     -285.964559        0.023697
BFGS:    2 07:07:27     -285.964758        0.025128
BFGS:    3 08:03:16     -285.964833        0.023763
BFGS:    4 08:57:58     -285.965209        0.020396
BFGS:    5 09:55:06     -285.965266        0.021027
BFGS:    6 10:47:59     -285.965671        0.029923
BFGS:    7 11:43:38     -285.965864        0.024850
BFGS:    8 12:42:14     -285.966042        0.019222
BFGS:    9 13:37:47     -285.966112        0.017906
BFGS:   10 14:37:30     -285.966238        0.017757
BFGS:   11 15:30:34     -285.966419        0.019053
BFGS:   12 16:23:43     -285.966612        0.027003
BFGS:   13 17:24:22     -285.966792        0.028321
BFGS:   14 18:17:28     -285.966972        0.017975
BFGS:   15 19:11:49     -285.967069        0.011236
      Step     Time          Energy          fmax
BFGS:    0 11:50:21     -285.964516        0.025553
      Step     Time          Energy          fmax
BFGS:    0 06:28:49     -285.964533        0.020942
BFGS:    1 07:22:59     -285.964577        0.021460
BFGS:    2 08:18:03     -285.964751        0.023344
BFGS:    3 09:11:26     -285.964870        0.023857
BFGS:    4 10:07:43     -285.964996        0.022206
BFGS:    5 11:00:11     -285.965155        0.019573
BFGS:    6 11:52:09     -285.965310        0.015842
BFGS:    7 12:41:50     -285.965443        0.017752
BFGS:    8 13:31:34     -285.965623        0.021571
BFGS:    9 14:26:42     -285.965910        0.024714
BFGS:   10 15:17:44     -285.966170        0.020992
BFGS:   11 16:07:45     -285.966358        0.020002
BFGS:   12 17:00:05     -285.966487        0.021697
BFGS:   13 17:51:01     -285.966603        0.020718
BFGS:   14 18:42:28     -285.966777        0.023531
BFGS:   15 19:32:11     -285.966964        0.033778
BFGS:   16 20:22:00     -285.967097        0.030447
BFGS:   17 21:20:15     -285.967212        0.015236
BFGS:   18 22:14:43     -285.967262        0.013340
