      Step     Time          Energy          fmax
BFGS:    0 05:09:47    -1270.896068        1.466977
BFGS:    1 05:24:44    -1271.021570        0.641559
BFGS:    2 05:37:24    -1271.046783        0.282829
BFGS:    3 05:47:47    -1271.070921        0.340184
BFGS:    4 05:58:55    -1271.099814        0.332354
BFGS:    5 06:08:31    -1271.111317        0.212358
BFGS:    6 06:18:53    -1271.124972        0.165767
BFGS:    7 06:28:28    -1271.135477        0.178823
BFGS:    8 06:38:04    -1271.146403        0.216862
BFGS:    9 06:48:25    -1271.162400        0.229328
BFGS:   10 06:59:32    -1271.175643        0.150058
BFGS:   11 07:09:52    -1271.182745        0.135458
BFGS:   12 07:19:27    -1271.189454        0.109423
BFGS:   13 07:28:16    -1271.195276        0.131291
BFGS:   14 07:37:51    -1271.201620        0.135828
BFGS:   15 07:47:24    -1271.205728        0.088526
BFGS:   16 07:56:12    -1271.208350        0.088709
BFGS:   17 08:05:46    -1271.210688        0.110480
BFGS:   18 08:15:19    -1271.214329        0.128016
BFGS:   19 08:24:53    -1271.219190        0.139720
BFGS:   20 08:34:26    -1271.223426        0.101938
BFGS:   21 08:44:00    -1271.226696        0.067136
BFGS:   22 08:52:48    -1271.228965        0.071115
BFGS:   23 09:01:36    -1271.231474        0.088146
BFGS:   24 09:11:09    -1271.233876        0.095201
BFGS:   25 09:20:42    -1271.236647        0.070725
BFGS:   26 09:30:15    -1271.238942        0.062230
BFGS:   27 09:39:02    -1271.241193        0.064241
BFGS:   28 09:47:50    -1271.243731        0.079652
BFGS:   29 09:56:38    -1271.246665        0.083954
BFGS:   30 10:05:25    -1271.250054        0.090514
BFGS:   31 10:14:13    -1271.252488        0.058963
BFGS:   32 10:25:16    -1271.254932        0.088967
BFGS:   33 10:32:32    -1271.256375        0.071950
BFGS:   34 10:42:50    -1271.259095        0.162052
BFGS:   35 10:49:21    -1271.261524        0.098692
BFGS:   36 10:58:09    -1271.263429        0.044604
BFGS:   37 11:06:56    -1271.265306        0.059140
BFGS:   38 11:17:15    -1271.267945        0.050428
BFGS:   39 11:30:36    -1271.269239        0.063259
BFGS:   40 11:39:24    -1271.271141        0.051132
BFGS:   41 11:49:43    -1271.273970        0.055216
BFGS:   42 11:59:17    -1271.275966        0.064869
BFGS:   43 12:12:38    -1271.275752        0.176772
BFGS:   44 12:25:15    -1271.281207        0.060766
BFGS:   45 12:37:52    -1271.271191        0.047369
BFGS:   46 12:51:13    -1271.281162        0.055217
BFGS:   47 13:04:36    -1271.276802        0.209151
BFGS:   48 13:17:27    -1271.284187        0.048984
BFGS:   49 13:31:39    -1271.281402        0.039955
BFGS:   50 13:42:47    -1271.284508        0.038536
BFGS:   51 13:56:12    -1271.278756        0.196597
BFGS:   52 14:08:52    -1271.286809        0.034517
BFGS:   53 14:20:01    -1271.286332        0.028230
