      Step     Time          Energy          fmax
BFGS:    0 22:19:16    -1285.160628        3.716731
BFGS:    1 22:43:00    -1285.538504        1.014330
BFGS:    2 22:58:10    -1285.652810        0.771749
BFGS:    3 23:10:14    -1285.771118        0.410481
BFGS:    4 23:21:30    -1285.811690        0.364000
BFGS:    5 23:31:14    -1285.829287        0.311492
BFGS:    6 23:40:11    -1285.843223        0.222145
BFGS:    7 23:49:08    -1285.851125        0.236922
BFGS:    8 23:58:05    -1285.859448        0.158783
BFGS:    9 00:07:00    -1285.867082        0.166407
BFGS:   10 00:15:56    -1285.873126        0.086090
BFGS:   11 00:24:04    -1285.876370        0.084658
BFGS:   12 00:32:13    -1285.879138        0.134552
BFGS:   13 00:41:09    -1285.882157        0.161181
BFGS:   14 00:50:03    -1285.885467        0.108724
BFGS:   15 00:58:58    -1285.887989        0.073033
BFGS:   16 01:07:07    -1285.889698        0.080837
BFGS:   17 01:16:01    -1285.891735        0.144473
BFGS:   18 01:24:56    -1285.893711        0.137205
BFGS:   19 01:33:50    -1285.896008        0.072502
BFGS:   20 01:41:59    -1285.897157        0.040494
BFGS:   21 01:51:39    -1285.898176        0.082964
BFGS:   22 01:59:47    -1285.898667        0.051379
BFGS:   23 02:06:23    -1285.899376        0.028076
