      Step     Time          Energy          fmax
BFGS:    0 03:14:12    -1259.957732        3.955882
BFGS:    1 03:42:31    -1260.383865        1.408567
BFGS:    2 03:54:00    -1260.544964        1.059276
BFGS:    3 04:04:49    -1260.722846        0.522599
BFGS:    4 04:15:00    -1260.772364        0.425313
BFGS:    5 04:25:13    -1260.820662        0.342729
BFGS:    6 04:34:46    -1260.855214        0.446374
BFGS:    7 04:45:37    -1260.901059        0.918749
BFGS:    8 04:57:07    -1260.958838        1.162793
BFGS:    9 05:08:37    -1260.995821        1.173132
BFGS:   10 05:20:46    -1261.114516        0.955148
BFGS:   11 05:29:40    -1261.168083        0.504378
BFGS:   12 05:40:30    -1261.224166        0.654834
BFGS:   13 05:48:03    -1261.246197        0.393372
BFGS:   14 05:57:33    -1261.283388        0.196943
BFGS:   15 06:05:07    -1261.295260        0.148028
BFGS:   16 06:12:38    -1261.304331        0.151486
BFGS:   17 06:20:09    -1261.313946        0.191361
BFGS:   18 06:28:17    -1261.326108        0.239756
BFGS:   19 06:35:47    -1261.337053        0.188308
BFGS:   20 06:43:15    -1261.346012        0.120718
BFGS:   21 06:50:05    -1261.351392        0.104344
BFGS:   22 06:57:32    -1261.356662        0.162082
BFGS:   23 07:04:57    -1261.360396        0.167523
BFGS:   24 07:12:23    -1261.364946        0.088650
BFGS:   25 07:19:49    -1261.368451        0.093718
BFGS:   26 07:25:59    -1261.370894        0.071316
BFGS:   27 07:32:08    -1261.373426        0.069326
BFGS:   28 07:38:55    -1261.376122        0.067930
BFGS:   29 07:46:19    -1261.378692        0.065889
BFGS:   30 07:51:49    -1261.380058        0.044360
BFGS:   31 07:57:20    -1261.381080        0.031864
BFGS:   32 08:02:50    -1261.381620        0.033472
BFGS:   33 08:08:19    -1261.382311        0.032913
BFGS:   34 08:15:42    -1261.383268        0.045633
BFGS:   35 08:20:34    -1261.383635        0.026643
