      Step     Time          Energy          fmax
BFGS:    0 14:50:05    -1248.487243        1.133888
BFGS:    1 15:01:57    -1248.595697        0.542648
BFGS:    2 15:10:47    -1248.613714        0.304945
BFGS:    3 15:21:03    -1248.629360        0.227826
BFGS:    4 15:34:23    -1248.647122        0.201522
BFGS:    5 15:46:43    -1248.655232        0.182259
BFGS:    6 16:01:08    -1248.665532        0.123051
BFGS:    7 16:13:21    -1248.670882        0.116602
BFGS:    8 16:25:32    -1248.676818        0.166143
BFGS:    9 16:34:35    -1248.686330        0.229769
BFGS:   10 16:42:08    -1248.693414        0.159086
BFGS:   11 16:50:49    -1248.700037        0.098971
BFGS:   12 16:58:13    -1248.703619        0.094529
BFGS:   13 17:05:37    -1248.707774        0.135425
BFGS:   14 17:13:01    -1248.711980        0.109724
BFGS:   15 17:20:25    -1248.714318        0.072043
BFGS:   16 17:27:49    -1248.716473        0.099529
BFGS:   17 17:34:35    -1248.718410        0.099880
BFGS:   18 17:41:59    -1248.721723        0.135388
BFGS:   19 17:49:23    -1248.724007        0.120689
BFGS:   20 17:56:47    -1248.726833        0.097539
BFGS:   21 18:02:17    -1248.728183        0.061658
BFGS:   22 18:09:41    -1248.730188        0.058540
BFGS:   23 18:17:43    -1248.732083        0.102699
BFGS:   24 18:23:13    -1248.733312        0.093009
BFGS:   25 18:30:37    -1248.735662        0.052856
BFGS:   26 18:38:01    -1248.736885        0.069740
BFGS:   27 18:45:26    -1248.738025        0.051913
BFGS:   28 18:52:50    -1248.739413        0.030637
BFGS:   29 18:58:19    -1248.740168        0.039750
BFGS:   30 19:04:27    -1248.740801        0.036652
BFGS:   31 19:11:51    -1248.741426        0.052425
BFGS:   32 19:17:21    -1248.741959        0.032917
BFGS:   33 19:22:51    -1248.742636        0.019548
