      Step     Time          Energy          fmax
BFGS:    0 11:18:35     -634.720685        0.133426
BFGS:    1 11:21:11     -634.723871        0.115095
BFGS:    2 11:23:34     -634.728360        0.112784
BFGS:    3 11:25:58     -634.733332        0.118232
BFGS:    4 11:28:22     -634.737173        0.088984
BFGS:    5 11:30:45     -634.740947        0.080662
BFGS:    6 11:33:08     -634.743355        0.085603
BFGS:    7 11:35:19     -634.745040        0.067675
BFGS:    8 11:37:42     -634.746656        0.055441
BFGS:    9 11:40:06     -634.748865        0.052831
BFGS:   10 11:42:29     -634.751050        0.048210
BFGS:   11 11:44:52     -634.752325        0.046933
BFGS:   12 11:46:51     -634.753096        0.032974
BFGS:   13 11:48:37     -634.753937        0.033905
BFGS:   14 11:51:00     -634.755438        0.043610
BFGS:   15 11:53:35     -634.757064        0.063155
BFGS:   16 11:55:45     -634.757941        0.059135
BFGS:   17 11:58:08     -634.758796        0.033858
BFGS:   18 12:00:07     -634.759175        0.028210
BFGS:   19 12:02:06     -634.760016        0.034270
BFGS:   20 12:04:05     -634.760605        0.038394
BFGS:   21 12:06:04     -634.760916        0.021245
