      Step     Time          Energy          fmax
BFGS:    0 16:49:04     -634.720685        0.133426
BFGS:    1 16:50:49     -634.723871        0.115095
BFGS:    2 16:52:26     -634.728360        0.112784
BFGS:    3 16:54:02     -634.733332        0.118232
BFGS:    4 16:55:39     -634.737173        0.088984
BFGS:    5 16:57:16     -634.740947        0.080662
BFGS:    6 16:58:52     -634.743355        0.085603
BFGS:    7 17:00:21     -634.745040        0.067675
BFGS:    8 17:01:57     -634.746656        0.055441
BFGS:    9 17:03:34     -634.748865        0.052831
BFGS:   10 17:05:10     -634.751050        0.048210
BFGS:   11 17:06:47     -634.752325        0.046933
BFGS:   12 17:08:07     -634.753096        0.032974
BFGS:   13 17:09:19     -634.753937        0.033905
BFGS:   14 17:10:56     -634.755438        0.043610
BFGS:   15 17:12:41     -634.757064        0.063155
BFGS:   16 17:14:09     -634.757941        0.059135
BFGS:   17 17:15:46     -634.758796        0.033858
BFGS:   18 17:17:06     -634.759175        0.028210
BFGS:   19 17:18:26     -634.760016        0.034270
BFGS:   20 17:19:46     -634.760605        0.038394
BFGS:   21 17:21:07     -634.760916        0.021245
