      Step     Time          Energy          fmax
BFGS:    0 20:46:17    -1272.356040        0.152137
BFGS:    1 20:54:28    -1272.360963        0.132790
BFGS:    2 21:04:13    -1272.372060        0.144515
BFGS:    3 21:13:12    -1272.377977        0.120576
BFGS:    4 21:22:10    -1272.383169        0.082498
BFGS:    5 21:31:08    -1272.387135        0.068369
BFGS:    6 21:39:20    -1272.390475        0.060434
BFGS:    7 21:47:33    -1272.393485        0.062316
BFGS:    8 21:56:32    -1272.396902        0.061604
BFGS:    9 22:05:31    -1272.399980        0.063738
BFGS:   10 22:13:43    -1272.402000        0.042053
BFGS:   11 22:21:10    -1272.403159        0.044928
BFGS:   12 22:27:50    -1272.404263        0.042288
BFGS:   13 22:35:19    -1272.405838        0.047780
BFGS:   14 22:42:47    -1272.407138        0.039191
BFGS:   15 22:51:49    -1272.408409        0.029597
BFGS:   16 22:59:19    -1272.409039        0.028788
BFGS:   17 23:06:02    -1272.409877        0.029020
BFGS:   18 23:14:19    -1272.410997        0.026401
BFGS:   19 23:21:49    -1272.411504        0.023356
