      Step     Time          Energy          fmax
BFGS:    0 03:59:44    -1263.483032        4.195410
BFGS:    1 03:59:44    -1264.274414        2.663757
BFGS:    2 03:59:45    -1264.478516        1.021796
BFGS:    3 03:59:45    -1264.644043        0.831645
BFGS:    4 03:59:47    -1264.863403        1.029106
BFGS:    5 03:59:47    -1264.934937        0.495785
BFGS:    6 03:59:47    -1265.006836        0.489610
BFGS:    7 03:59:51    -1265.045410        0.422604
BFGS:    8 03:59:51    -1265.073608        0.298650
BFGS:    9 03:59:52    -1265.091187        0.308107
BFGS:   10 03:59:56    -1265.112061        0.321966
BFGS:   11 03:59:59    -1265.136230        0.416119
BFGS:   12 04:00:00    -1265.156738        0.281505
BFGS:   13 04:00:03    -1265.172607        0.175982
BFGS:   14 04:00:04    -1265.185547        0.224564
BFGS:   15 04:00:04    -1265.199341        0.313223
BFGS:   16 04:00:06    -1265.216797        0.378996
BFGS:   17 04:00:06    -1265.232910        0.294609
BFGS:   18 04:00:06    -1265.245728        0.176267
BFGS:   19 04:00:10    -1265.255859        0.163869
BFGS:   20 04:00:10    -1265.263916        0.186193
BFGS:   21 04:00:11    -1265.268921        0.119582
BFGS:   22 04:00:13    -1265.272949        0.111558
BFGS:   23 04:00:13    -1265.277100        0.134718
BFGS:   24 04:00:17    -1265.282104        0.166940
BFGS:   25 04:00:17    -1265.286499        0.129991
BFGS:   26 04:00:20    -1265.290161        0.106224
BFGS:   27 04:00:23    -1265.293457        0.080802
BFGS:   28 04:00:23    -1265.295776        0.088888
BFGS:   29 04:00:23    -1265.298096        0.076572
BFGS:   30 04:00:24    -1265.300171        0.116330
BFGS:   31 04:00:24    -1265.302490        0.110049
BFGS:   32 04:00:28    -1265.304688        0.094376
BFGS:   33 04:00:30    -1265.306152        0.062394
BFGS:   34 04:00:32    -1265.307373        0.063640
BFGS:   35 04:00:35    -1265.308594        0.092093
BFGS:   36 04:00:37    -1265.310181        0.100960
BFGS:   37 04:00:38    -1265.311768        0.094451
BFGS:   38 04:00:39    -1265.313232        0.058941
BFGS:   39 04:00:41    -1265.314087        0.046298
