      Step     Time          Energy          fmax
BFGS:    0 03:58:21    -1263.848389        3.699772
BFGS:    1 03:58:22    -1264.497803        1.804638
BFGS:    2 03:58:24    -1264.684082        0.818570
BFGS:    3 03:58:27    -1264.896729        0.617823
BFGS:    4 03:58:28    -1265.037720        0.994905
BFGS:    5 03:58:29    -1265.103638        0.687803
BFGS:    6 03:58:33    -1265.178101        0.597138
BFGS:    7 03:58:33    -1265.222412        0.628048
BFGS:    8 03:58:34    -1265.257080        0.281470
BFGS:    9 03:58:34    -1265.277466        0.241743
BFGS:   10 03:58:35    -1265.302124        0.490609
BFGS:   11 03:58:38    -1265.323486        0.504819
BFGS:   12 03:58:39    -1265.343628        0.302124
BFGS:   13 03:58:40    -1265.358887        0.241782
BFGS:   14 03:58:43    -1265.374023        0.277375
BFGS:   15 03:58:44    -1265.389771        0.331178
BFGS:   16 03:58:45    -1265.405762        0.280048
BFGS:   17 03:58:45    -1265.418213        0.264487
BFGS:   18 03:58:46    -1265.432617        0.296566
BFGS:   19 03:58:47    -1265.443481        0.297183
BFGS:   20 03:58:48    -1265.452759        0.189319
BFGS:   21 03:58:48    -1265.458374        0.164972
BFGS:   22 03:58:51    -1265.463257        0.161856
BFGS:   23 03:58:51    -1265.468384        0.222982
BFGS:   24 03:58:54    -1265.474365        0.189542
BFGS:   25 03:58:54    -1265.479370        0.167129
BFGS:   26 03:58:54    -1265.484131        0.138098
BFGS:   27 03:58:55    -1265.487915        0.151409
BFGS:   28 03:58:56    -1265.490845        0.131099
BFGS:   29 03:58:59    -1265.493408        0.103262
BFGS:   30 03:59:01    -1265.496338        0.102694
BFGS:   31 03:59:04    -1265.499390        0.147608
BFGS:   32 03:59:06    -1265.503174        0.166209
BFGS:   33 03:59:09    -1265.507202        0.128256
BFGS:   34 03:59:10    -1265.510376        0.127441
BFGS:   35 03:59:11    -1265.515259        0.140738
BFGS:   36 03:59:14    -1265.519775        0.177691
BFGS:   37 03:59:14    -1265.525757        0.169397
BFGS:   38 03:59:15    -1265.530884        0.170722
BFGS:   39 03:59:16    -1265.535767        0.128745
BFGS:   40 03:59:18    -1265.541504        0.114507
BFGS:   41 03:59:20    -1265.541626        0.316172
BFGS:   42 03:59:21    -1265.551880        0.174498
BFGS:   43 03:59:23    -1265.556885        0.152110
BFGS:   44 03:59:24    -1265.555298        0.281352
BFGS:   45 03:59:26    -1265.565674        0.112874
BFGS:   46 03:59:29    -1265.569214        0.090498
BFGS:   47 03:59:30    -1265.577026        0.085442
BFGS:   48 03:59:33    -1265.579468        0.099413
BFGS:   49 03:59:33    -1265.582642        0.086545
BFGS:   50 03:59:36    -1265.586182        0.086865
BFGS:   51 03:59:37    -1265.588623        0.097791
BFGS:   52 03:59:38    -1265.591919        0.081074
BFGS:   53 03:59:39    -1265.595093        0.107798
BFGS:   54 03:59:39    -1265.597900        0.094221
BFGS:   55 03:59:42    -1265.599854        0.051159
BFGS:   56 03:59:43    -1265.601440        0.045397
