      Step     Time          Energy          fmax
BFGS:    0 04:01:30    -1263.607178       34.683342
BFGS:    1 04:01:30    -1269.880371        6.933917
BFGS:    2 04:01:33    -1271.670166        7.820121
BFGS:    3 04:01:33    -1276.545776       14.650116
BFGS:    4 04:01:35    -1277.053467       12.227385
BFGS:    5 04:01:36    -1278.879395        6.452828
BFGS:    6 04:01:40    -1281.029907        7.929871
BFGS:    7 04:01:42    -1282.494263        5.561479
BFGS:    8 04:01:43    -1283.885620        2.968893
BFGS:    9 04:01:43    -1284.478027        2.606550
BFGS:   10 04:01:45    -1285.209717        1.311908
BFGS:   11 04:01:46    -1285.456909        1.365860
BFGS:   12 04:01:49    -1285.687134        1.691327
BFGS:   13 04:01:50    -1285.904175        1.885749
BFGS:   14 04:01:51    -1286.124390        1.410183
BFGS:   15 04:01:51    -1286.262451        0.810746
BFGS:   16 04:01:54    -1286.374146        0.886967
BFGS:   17 04:01:55    -1286.434692        0.857468
BFGS:   18 04:01:55    -1286.498901        1.192856
BFGS:   19 04:01:58    -1286.555542        1.355770
BFGS:   20 04:01:58    -1286.624878        1.288827
BFGS:   21 04:02:00    -1286.710815        0.929132
BFGS:   22 04:02:02    -1286.761475        0.647694
BFGS:   23 04:02:04    -1286.808350        0.473148
BFGS:   24 04:02:06    -1286.847168        0.416859
BFGS:   25 04:02:07    -1286.886597        0.481971
BFGS:   26 04:02:08    -1286.918335        0.478506
BFGS:   27 04:02:11    -1286.949585        0.532813
BFGS:   28 04:02:11    -1286.970459        0.494577
BFGS:   29 04:02:12    -1286.989624        0.394578
BFGS:   30 04:02:14    -1287.002075        0.324474
BFGS:   31 04:02:19    -1287.016357        0.324764
BFGS:   32 04:02:20    -1287.030273        0.434653
BFGS:   33 04:02:23    -1287.047974        0.476680
BFGS:   34 04:02:23    -1287.060791        0.391300
BFGS:   35 04:02:24    -1287.073853        0.258247
BFGS:   36 04:02:26    -1287.079102        0.282084
BFGS:   37 04:02:26    -1287.087891        0.283945
BFGS:   38 04:02:27    -1287.095337        0.236017
BFGS:   39 04:02:28    -1287.103516        0.241441
BFGS:   40 04:02:30    -1287.110840        0.212178
BFGS:   41 04:02:32    -1287.116333        0.226563
BFGS:   42 04:02:34    -1287.121582        0.202893
BFGS:   43 04:02:34    -1287.126831        0.195047
BFGS:   44 04:02:36    -1287.133423        0.200831
BFGS:   45 04:02:38    -1287.138794        0.202025
BFGS:   46 04:02:40    -1287.142944        0.168160
BFGS:   47 04:02:42    -1287.145630        0.114509
BFGS:   48 04:02:44    -1287.147827        0.079890
BFGS:   49 04:02:44    -1287.150146        0.080970
BFGS:   50 04:02:45    -1287.152588        0.109813
BFGS:   51 04:02:47    -1287.155151        0.113009
BFGS:   52 04:02:47    -1287.157104        0.094947
BFGS:   53 04:02:47    -1287.158569        0.096715
BFGS:   54 04:02:48    -1287.159668        0.100831
BFGS:   55 04:02:49    -1287.160645        0.089824
BFGS:   56 04:02:50    -1287.161621        0.072837
BFGS:   57 04:02:50    -1287.162598        0.084588
BFGS:   58 04:02:53    -1287.163696        0.098384
BFGS:   59 04:02:55    -1287.164551        0.095284
BFGS:   60 04:02:57    -1287.165283        0.080956
BFGS:   61 04:02:57    -1287.166138        0.079808
BFGS:   62 04:02:59    -1287.166870        0.085582
BFGS:   63 04:02:59    -1287.167480        0.083453
BFGS:   64 04:03:00    -1287.168091        0.078340
BFGS:   65 04:03:02    -1287.168701        0.076959
BFGS:   66 04:03:02    -1287.169189        0.077312
BFGS:   67 04:03:02    -1287.169678        0.076850
BFGS:   68 04:03:04    -1287.170044        0.075475
BFGS:   69 04:03:05    -1287.170288        0.072282
BFGS:   70 04:03:06    -1287.170654        0.072691
BFGS:   71 04:03:07    -1287.171021        0.070901
BFGS:   72 04:03:08    -1287.171387        0.062071
BFGS:   73 04:03:09    -1287.171631        0.049297
