      Step     Time          Energy          fmax
BFGS:    0 04:00:41    -1275.901733        3.363985
BFGS:    1 04:00:44    -1276.804932        2.598145
BFGS:    2 04:00:46    -1277.837891        2.167968
BFGS:    3 04:00:46    -1278.167847        6.972544
BFGS:    4 04:00:46    -1278.854492        1.401742
BFGS:    5 04:00:47    -1279.260376        0.993143
BFGS:    6 04:00:48    -1279.782104        0.782649
BFGS:    7 04:00:48    -1279.927734        0.532983
BFGS:    8 04:00:49    -1280.031982        0.428217
BFGS:    9 04:00:50    -1280.106323        0.524293
BFGS:   10 04:00:50    -1280.191528        0.501420
BFGS:   11 04:00:52    -1280.257812        0.399846
BFGS:   12 04:00:54    -1280.299683        0.256765
BFGS:   13 04:00:54    -1280.333496        0.329386
BFGS:   14 04:00:55    -1280.368774        0.377816
BFGS:   15 04:00:56    -1280.402100        0.310565
BFGS:   16 04:00:57    -1280.430420        0.243603
BFGS:   17 04:00:57    -1280.451782        0.223965
BFGS:   18 04:00:59    -1280.470215        0.205062
BFGS:   19 04:00:59    -1280.484619        0.171449
BFGS:   20 04:00:59    -1280.494019        0.101929
BFGS:   21 04:01:00    -1280.503540        0.171986
BFGS:   22 04:01:01    -1280.514282        0.194770
BFGS:   23 04:01:04    -1280.527954        0.198405
BFGS:   24 04:01:06    -1280.538574        0.134879
BFGS:   25 04:01:06    -1280.544678        0.097660
BFGS:   26 04:01:08    -1280.550415        0.104379
BFGS:   27 04:01:13    -1280.555908        0.134408
BFGS:   28 04:01:16    -1280.561646        0.165125
BFGS:   29 04:01:17    -1280.566406        0.131979
BFGS:   30 04:01:18    -1280.569946        0.079364
BFGS:   31 04:01:20    -1280.572876        0.075313
BFGS:   32 04:01:23    -1280.575317        0.056626
BFGS:   33 04:01:23    -1280.577637        0.066308
BFGS:   34 04:01:25    -1280.580200        0.075170
BFGS:   35 04:01:26    -1280.583130        0.096256
BFGS:   36 04:01:29    -1280.585571        0.073784
BFGS:   37 04:01:29    -1280.587036        0.035473
