      Step     Time          Energy          fmax
BFGS:    0 04:04:59    -1239.969482        3.890993
BFGS:    1 04:05:00    -1240.637817        2.150176
BFGS:    2 04:05:00    -1240.857544        0.916548
BFGS:    3 04:05:03    -1241.068115        0.782485
BFGS:    4 04:05:07    -1241.221191        1.092290
BFGS:    5 04:05:08    -1241.284668        0.630409
BFGS:    6 04:05:08    -1241.364868        0.685695
BFGS:    7 04:05:09    -1241.417358        0.704909
BFGS:    8 04:05:10    -1241.458740        0.299097
BFGS:    9 04:05:10    -1241.486450        0.321455
BFGS:   10 04:05:14    -1241.519531        0.624541
BFGS:   11 04:05:15    -1241.546997        0.611016
BFGS:   12 04:05:18    -1241.567505        0.354220
BFGS:   13 04:05:20    -1241.584351        0.208310
BFGS:   14 04:05:21    -1241.601807        0.363884
BFGS:   15 04:05:22    -1241.620361        0.397568
BFGS:   16 04:05:23    -1241.633423        0.248348
BFGS:   17 04:05:24    -1241.647339        0.205530
BFGS:   18 04:05:26    -1241.656982        0.326917
BFGS:   19 04:05:30    -1241.666504        0.333322
BFGS:   20 04:05:33    -1241.673584        0.173282
BFGS:   21 04:05:33    -1241.677002        0.110832
BFGS:   22 04:05:35    -1241.680420        0.159664
BFGS:   23 04:05:37    -1241.683716        0.187387
BFGS:   24 04:05:38    -1241.687378        0.132202
BFGS:   25 04:05:39    -1241.690430        0.141718
BFGS:   26 04:05:42    -1241.694946        0.161821
BFGS:   27 04:05:42    -1241.698975        0.201870
BFGS:   28 04:05:44    -1241.702393        0.274885
BFGS:   29 04:05:46    -1241.707275        0.129591
BFGS:   30 04:05:47    -1241.711426        0.108509
BFGS:   31 04:05:48    -1241.717163        0.169855
BFGS:   32 04:05:49    -1241.720825        0.153911
BFGS:   33 04:05:49    -1241.723145        0.126429
BFGS:   34 04:05:50    -1241.726196        0.086330
BFGS:   35 04:05:51    -1241.727783        0.106944
BFGS:   36 04:05:52    -1241.729126        0.079676
BFGS:   37 04:05:53    -1241.730469        0.068057
BFGS:   38 04:05:53    -1241.731812        0.076920
BFGS:   39 04:05:58    -1241.732910        0.102019
BFGS:   40 04:06:00    -1241.733887        0.074445
BFGS:   41 04:06:00    -1241.734497        0.030978
