      Step     Time          Energy          fmax
BFGS:    0 04:03:36    -1234.104614        3.199947
BFGS:    1 04:03:36    -1234.906616        1.356221
BFGS:    2 04:03:36    -1235.191528        0.906575
BFGS:    3 04:03:40    -1235.492065        0.721482
BFGS:    4 04:03:42    -1235.637451        0.690522
BFGS:    5 04:03:44    -1235.757935        0.520470
BFGS:    6 04:03:44    -1235.977905        0.423001
BFGS:    7 04:03:46    -1236.056152        0.462757
BFGS:    8 04:03:49    -1236.139648        0.417102
BFGS:    9 04:03:51    -1236.227051        0.344445
BFGS:   10 04:03:52    -1236.319946        0.240496
BFGS:   11 04:03:53    -1236.347046        0.162368
BFGS:   12 04:03:53    -1236.361450        0.122786
BFGS:   13 04:03:54    -1236.379517        0.132249
BFGS:   14 04:03:57    -1236.394409        0.139066
BFGS:   15 04:03:58    -1236.408447        0.137733
BFGS:   16 04:04:00    -1236.421753        0.078334
BFGS:   17 04:04:01    -1236.426880        0.065051
BFGS:   18 04:04:01    -1236.431152        0.059254
BFGS:   19 04:04:04    -1236.435181        0.096867
BFGS:   20 04:04:04    -1236.438477        0.095871
BFGS:   21 04:04:07    -1236.441284        0.062154
BFGS:   22 04:04:08    -1236.443604        0.045731
