      Step     Time          Energy          fmax
BFGS:    0 04:04:09    -1238.671509        4.149744
BFGS:    1 04:04:09    -1239.404541        2.978997
BFGS:    2 04:04:11    -1239.611572        1.126693
BFGS:    3 04:04:12    -1239.762207        0.669937
BFGS:    4 04:04:12    -1239.919067        0.845858
BFGS:    5 04:04:14    -1239.968140        0.333304
BFGS:    6 04:04:15    -1240.020142        0.507566
BFGS:    7 04:04:16    -1240.047729        0.374969
BFGS:    8 04:04:16    -1240.069702        0.221281
BFGS:    9 04:04:18    -1240.083008        0.200900
BFGS:   10 04:04:21    -1240.101318        0.284252
BFGS:   11 04:04:26    -1240.114258        0.341118
BFGS:   12 04:04:26    -1240.122070        0.163357
BFGS:   13 04:04:29    -1240.126831        0.128057
BFGS:   14 04:04:31    -1240.131836        0.200864
BFGS:   15 04:04:32    -1240.138672        0.284915
BFGS:   16 04:04:33    -1240.144775        0.241135
BFGS:   17 04:04:34    -1240.150269        0.128117
BFGS:   18 04:04:35    -1240.154053        0.107666
BFGS:   19 04:04:39    -1240.157593        0.147356
BFGS:   20 04:04:41    -1240.160400        0.128454
BFGS:   21 04:04:43    -1240.162109        0.054984
BFGS:   22 04:04:44    -1240.163696        0.071454
BFGS:   23 04:04:45    -1240.165039        0.116587
BFGS:   24 04:04:47    -1240.166504        0.114555
BFGS:   25 04:04:48    -1240.167847        0.053078
BFGS:   26 04:04:48    -1240.169067        0.069736
BFGS:   27 04:04:49    -1240.170410        0.110518
BFGS:   28 04:04:52    -1240.172119        0.109474
BFGS:   29 04:04:54    -1240.173706        0.089909
BFGS:   30 04:04:57    -1240.174805        0.069945
BFGS:   31 04:04:57    -1240.176270        0.082193
BFGS:   32 04:04:58    -1240.177124        0.086742
BFGS:   33 04:04:59    -1240.177856        0.048394
