      Step     Time          Energy          fmax
BFGS:    0 04:07:02    -1236.183350       47.899738
BFGS:    1 04:07:03    -1245.018433        7.023174
BFGS:    2 04:07:04    -1246.703491        5.778456
BFGS:    3 04:07:05    -1247.798096        6.990109
BFGS:    4 04:07:07    -1250.944214       11.912077
BFGS:    5 04:07:08    -1250.959839        9.367220
BFGS:    6 04:07:11    -1253.947510        6.462290
BFGS:    7 04:07:14    -1255.748779        4.994002
BFGS:    8 04:07:17    -1256.262207        4.249207
BFGS:    9 04:07:21    -1256.835693        3.772814
BFGS:   10 04:07:22    -1257.206421        4.846738
BFGS:   11 04:07:24    -1257.502808        5.269763
BFGS:   12 04:07:26    -1258.192261        6.052542
BFGS:   13 04:07:28    -1258.543213        4.205017
BFGS:   14 04:07:31    -1258.897339        2.091467
BFGS:   15 04:07:32    -1259.046265        1.528478
BFGS:   16 04:07:34    -1259.158203        1.772395
BFGS:   17 04:07:34    -1259.290649        0.969605
BFGS:   18 04:07:35    -1259.464355        1.239252
BFGS:   19 04:07:35    -1259.620483        1.628865
BFGS:   20 04:07:38    -1259.700317        1.330758
BFGS:   21 04:07:40    -1259.767700        1.023145
BFGS:   22 04:07:40    -1259.818726        0.734626
BFGS:   23 04:07:43    -1259.870972        0.495746
BFGS:   24 04:07:43    -1259.935913        0.467161
BFGS:   25 04:07:45    -1259.983398        0.433961
BFGS:   26 04:07:49    -1260.018188        0.406772
BFGS:   27 04:07:50    -1260.039917        0.509077
BFGS:   28 04:07:53    -1260.062012        0.619750
BFGS:   29 04:07:55    -1260.092285        0.760442
BFGS:   30 04:07:55    -1260.122925        0.567293
BFGS:   31 04:07:57    -1260.142090        0.406448
BFGS:   32 04:07:57    -1260.157593        0.239313
BFGS:   33 04:07:57    -1260.169678        0.265749
BFGS:   34 04:08:00    -1260.190674        0.287217
BFGS:   35 04:08:03    -1260.211060        0.237854
BFGS:   36 04:08:05    -1260.228027        0.278055
BFGS:   37 04:08:06    -1260.239014        0.270714
BFGS:   38 04:08:07    -1260.248901        0.213221
BFGS:   39 04:08:09    -1260.257568        0.161461
BFGS:   40 04:08:12    -1260.267578        0.156890
BFGS:   41 04:08:12    -1260.277222        0.197568
BFGS:   42 04:08:14    -1260.287598        0.222460
BFGS:   43 04:08:16    -1260.294312        0.148990
BFGS:   44 04:08:18    -1260.299438        0.073506
BFGS:   45 04:08:20    -1260.303223        0.115779
BFGS:   46 04:08:22    -1260.307373        0.169881
BFGS:   47 04:08:25    -1260.312866        0.201480
BFGS:   48 04:08:28    -1260.316895        0.154587
BFGS:   49 04:08:28    -1260.319580        0.114306
BFGS:   50 04:08:28    -1260.321899        0.114848
BFGS:   51 04:08:30    -1260.324219        0.121677
BFGS:   52 04:08:34    -1260.326782        0.110345
BFGS:   53 04:08:34    -1260.328613        0.089104
BFGS:   54 04:08:37    -1260.330444        0.097988
BFGS:   55 04:08:38    -1260.332031        0.117900
BFGS:   56 04:08:39    -1260.333496        0.122877
BFGS:   57 04:08:40    -1260.334595        0.127723
BFGS:   58 04:08:43    -1260.335571        0.149631
BFGS:   59 04:08:45    -1260.336548        0.165803
BFGS:   60 04:08:47    -1260.337646        0.141087
BFGS:   61 04:08:51    -1260.338379        0.121254
BFGS:   62 04:08:52    -1260.339233        0.115684
BFGS:   63 04:08:52    -1260.340210        0.138768
BFGS:   64 04:08:53    -1260.341553        0.168913
BFGS:   65 04:08:54    -1260.342529        0.173724
BFGS:   66 04:08:54    -1260.343994        0.158359
BFGS:   67 04:08:55    -1260.345337        0.196058
BFGS:   68 04:08:55    -1260.346924        0.209628
BFGS:   69 04:08:56    -1260.349243        0.236807
BFGS:   70 04:08:56    -1260.351440        0.193098
BFGS:   71 04:08:57    -1260.354614        0.193707
BFGS:   72 04:08:58    -1260.357056        0.216952
BFGS:   73 04:08:58    -1260.359863        0.227668
BFGS:   74 04:08:58    -1260.362549        0.234076
BFGS:   75 04:08:59    -1260.365845        0.239243
BFGS:   76 04:08:59    -1260.368286        0.234788
BFGS:   77 04:09:03    -1260.372314        0.214333
BFGS:   78 04:09:05    -1260.375000        0.245241
BFGS:   79 04:09:05    -1260.377441        0.169249
BFGS:   80 04:09:07    -1260.379639        0.180557
BFGS:   81 04:09:08    -1260.382446        0.212849
BFGS:   82 04:09:13    -1260.384521        0.197735
BFGS:   83 04:09:15    -1260.386963        0.200094
BFGS:   84 04:09:19    -1260.388550        0.196938
BFGS:   85 04:09:20    -1260.390137        0.188506
BFGS:   86 04:09:21    -1260.391602        0.180026
BFGS:   87 04:09:22    -1260.392700        0.167285
BFGS:   88 04:09:24    -1260.394043        0.163437
BFGS:   89 04:09:25    -1260.395264        0.168759
BFGS:   90 04:09:25    -1260.396362        0.155259
BFGS:   91 04:09:27    -1260.397217        0.147209
BFGS:   92 04:09:31    -1260.397949        0.162081
BFGS:   93 04:09:32    -1260.398804        0.171758
BFGS:   94 04:09:34    -1260.399780        0.163480
BFGS:   95 04:09:35    -1260.400635        0.124985
BFGS:   96 04:09:36    -1260.401489        0.114453
BFGS:   97 04:09:39    -1260.401855        0.117299
BFGS:   98 04:09:40    -1260.402344        0.117530
BFGS:   99 04:09:40    -1260.402710        0.111380
BFGS:  100 04:09:44    -1260.403198        0.104854
