      Step     Time          Energy          fmax
BFGS:    0 04:06:03    -1249.678345        3.875595
BFGS:    1 04:06:04    -1250.960205        3.027588
BFGS:    2 04:06:06    -1251.894653        1.393163
BFGS:    3 04:06:07    -1252.290894        1.693648
BFGS:    4 04:06:09    -1252.716553        2.326945
BFGS:    5 04:06:11    -1253.034912        1.599686
BFGS:    6 04:06:11    -1253.274780        0.884652
BFGS:    7 04:06:12    -1253.419434        1.206906
BFGS:    8 04:06:16    -1253.521362        1.448641
BFGS:    9 04:06:20    -1253.747437        1.397902
BFGS:   10 04:06:21    -1253.863525        0.960179
BFGS:   11 04:06:25    -1254.018555        0.291580
BFGS:   12 04:06:26    -1254.047485        0.309460
BFGS:   13 04:06:27    -1254.084839        0.482137
BFGS:   14 04:06:29    -1254.115723        0.232570
BFGS:   15 04:06:31    -1254.136719        0.234603
BFGS:   16 04:06:34    -1254.155396        0.249469
BFGS:   17 04:06:36    -1254.177124        0.231968
BFGS:   18 04:06:39    -1254.188110        0.138654
BFGS:   19 04:06:40    -1254.199463        0.112427
BFGS:   20 04:06:42    -1254.209229        0.136014
BFGS:   21 04:06:43    -1254.220947        0.149343
BFGS:   22 04:06:44    -1254.230225        0.105604
BFGS:   23 04:06:46    -1254.235474        0.080761
BFGS:   24 04:06:47    -1254.239746        0.105896
BFGS:   25 04:06:48    -1254.244995        0.143976
BFGS:   26 04:06:50    -1254.251587        0.127821
BFGS:   27 04:06:50    -1254.256958        0.082137
BFGS:   28 04:06:51    -1254.261353        0.064731
BFGS:   29 04:06:54    -1254.264648        0.099078
BFGS:   30 04:06:56    -1254.266968        0.106990
BFGS:   31 04:06:57    -1254.270020        0.081011
BFGS:   32 04:06:57    -1254.272949        0.070536
BFGS:   33 04:06:58    -1254.275635        0.079031
BFGS:   34 04:06:59    -1254.278076        0.103052
BFGS:   35 04:06:59    -1254.280151        0.052175
BFGS:   36 04:07:00    -1254.281006        0.037019
