
Scalar-relativistic atomic PBE calculation for Ca (Calcium, Z=20)
600 radial gridpoints.
|------------------------------------------------|
|------------------------------------------------|
Converged in 22 iterations.

Energy contributions:
-------------------------
Kinetic:     +684.794289
XC:           -35.978735
Potential:  -1329.077472
-------------------------
Total:       -680.261918

state      eigenvalue         ekin         rmax
-----------------------------------------------
1s^2.0 :  -145.109446   193.802441        0.050
2s^2.0 :   -15.225894    32.401868        0.300
2p^6.0 :   -12.301600    31.287388        0.247
3s^2.0 :    -1.730364     6.242251        0.994
3p^6.0 :    -1.029289     5.156173        1.048
4s^2.0 :    -0.138398     0.619902        3.399
-----------------------------------------------
(units: Bohr and Hartree)

Generating PAW setup
Kinetic energy of the core from tauc = 643.0243468789089
Cutoffs:
rc(s)=2.220
rc(p)=2.180
rc(d)=1.770
rc(vbar)=2.160
rc(comp)=2.200
rc(nct)=2.220

Kinetic energy of the core states: 640.132944
Charge: 0.0
Core electrons: 10.0
Valence electrons: 10.0
Pseudo-core charge: 0.000059
Shape function alpha=2.066
Pseudo-electron charge 6.620954345963499
state    eigenvalue         norm
--------------------------------
3s(2) :    -1.730364     0.708340
4s(2) :    -0.138398     0.978431
3p(6) :    -1.029289     0.541225
*p    :    -0.029289
*d    :     0.000000
--------------------------------

Diagonalizing with gridspacing h=0.050

state   all-electron     PAW
-------------------------------
3s:      -1.730364    -1.730865
3p:      -1.029289    -1.030427
*d:                   -0.073464
*f:                    0.058254
-------------------------------
