
Scalar-relativistic atomic PBEsol calculation for Ca (Calcium, Z=20)
600 radial gridpoints.
|------------------------------------------------|
|------------------------------------------------|
Converged in 22 iterations.

Energy contributions:
-------------------------
Kinetic:     +683.829634
XC:           -35.098657
Potential:  -1328.136009
-------------------------
Total:       -679.405032

state      eigenvalue         ekin         rmax
-----------------------------------------------
1s^2.0 :  -144.912561   193.453738        0.050
2s^2.0 :   -15.203545    32.329375        0.300
2p^6.0 :   -12.291757    31.252540        0.247
3s^2.0 :    -1.725445     6.252745        0.994
3p^6.0 :    -1.027133     5.165087        1.048
4s^2.0 :    -0.138342     0.626076        3.392
-----------------------------------------------
(units: Bohr and Hartree)

Generating PAW setup
Kinetic energy of the core from tauc = 641.9633132866735
Cutoffs:
rc(s)=2.220
rc(p)=2.180
rc(d)=1.770
rc(vbar)=2.160
rc(comp)=2.200
rc(nct)=2.220

Kinetic energy of the core states: 639.081469
Charge: 0.0
Core electrons: 10.0
Valence electrons: 10.0
Pseudo-core charge: 0.000059
Shape function alpha=2.066
Pseudo-electron charge 6.641169208889499
state    eigenvalue         norm
--------------------------------
3s(2) :    -1.725445     0.712418
4s(2) :    -0.138342     0.978177
3p(6) :    -1.027133     0.543320
*p    :    -0.027133
*d    :     0.000000
--------------------------------

Diagonalizing with gridspacing h=0.050

state   all-electron     PAW
-------------------------------
3s:      -1.725445    -1.725948
3p:      -1.027133    -1.028265
*d:                   -0.073768
*f:                    0.059456
-------------------------------
