      Step     Time          Energy          fmax
BFGS:    0 19:48:15      -74.972439        0.173411
BFGS:    1 19:52:01      -74.973883        0.108224
BFGS:    2 19:56:22      -74.973984        0.105937
BFGS:    3 20:00:25      -74.973350        0.109402
BFGS:    4 20:04:14      -74.971691        0.128037
BFGS:    5 20:08:56      -74.969170        0.090421
BFGS:    6 20:13:08      -74.968074        0.034411
BFGS:    7 20:17:15      -74.968135        0.025872
BFGS:    8 20:21:12      -74.968350        0.026424
BFGS:    9 20:25:02      -74.968555        0.039248
BFGS:   10 20:29:26      -74.968611        0.046006
BFGS:   11 20:33:18      -74.968310        0.033466
BFGS:   12 20:37:33      -74.967806        0.024184
BFGS:   13 20:41:57      -74.967462        0.017945
BFGS:   14 20:45:43      -74.967270        0.033463
BFGS:   15 20:49:28      -74.967119        0.046832
BFGS:   16 20:54:05      -74.967088        0.048149
BFGS:   17 20:58:23      -74.967221        0.029491
BFGS:   18 21:02:38      -74.967420        0.011499
BFGS:   19 21:06:53      -74.967552        0.009595
