      Step     Time          Energy          fmax
BFGS:    0 21:21:14      -74.981475        0.173292
BFGS:    1 21:27:08      -74.982894        0.047229
BFGS:    2 21:32:46      -74.982967        0.046276
BFGS:    3 21:38:30      -74.983158        0.054783
BFGS:    4 21:44:02      -74.983206        0.067520
BFGS:    5 21:49:51      -74.983199        0.052789
BFGS:    6 21:55:30      -74.983146        0.018225
BFGS:    7 22:01:07      -74.983155        0.016083
BFGS:    8 22:06:54      -74.983179        0.016967
BFGS:    9 22:12:26      -74.983211        0.025796
BFGS:   10 22:18:05      -74.983210        0.028773
BFGS:   11 22:23:44      -74.983145        0.019433
BFGS:   12 22:29:39      -74.983056        0.012458
BFGS:   13 22:35:09      -74.983009        0.010050
BFGS:   14 22:41:33      -74.982988        0.017605
BFGS:   15 22:46:59      -74.982981        0.022943
BFGS:   16 22:52:14      -74.982990        0.021430
BFGS:   17 22:57:08      -74.983019        0.010009
BFGS:   18 23:02:13      -74.983052        0.007268
