      Step     Time          Energy          fmax
BFGS:    0 10:39:30     -634.720267        0.134535
BFGS:    1 10:42:02     -634.723449        0.117400
BFGS:    2 10:44:35     -634.728118        0.114752
BFGS:    3 10:47:08     -634.732977        0.118489
BFGS:    4 10:49:41     -634.736968        0.087098
BFGS:    5 10:52:14     -634.740750        0.082496
BFGS:    6 10:54:47     -634.743284        0.087891
BFGS:    7 10:57:07     -634.744858        0.069361
BFGS:    8 10:59:26     -634.746547        0.057051
BFGS:    9 11:02:00     -634.748745        0.055204
BFGS:   10 11:04:34     -634.750962        0.052790
BFGS:   11 11:07:08     -634.752258        0.054937
BFGS:   12 11:09:13     -634.753085        0.037766
BFGS:   13 11:11:18     -634.753841        0.035704
BFGS:   14 11:13:52     -634.755221        0.044077
BFGS:   15 11:16:27     -634.756797        0.068661
BFGS:   16 11:19:01     -634.757844        0.070663
BFGS:   17 11:21:35     -634.758598        0.050369
BFGS:   18 11:23:40     -634.759101        0.028480
BFGS:   19 11:25:45     -634.759687        0.027714
BFGS:   20 11:28:18     -634.760369        0.040650
BFGS:   21 11:30:37     -634.760745        0.027486
BFGS:   22 11:32:41     -634.760949        0.019168
