      Step     Time          Energy          fmax
FIRE:    0 12:17:37      -74.879680        0.052146
FIRE:    1 12:17:38      -74.879845        0.059622
FIRE:    2 12:17:38      -74.880030        0.068277
FIRE:    3 12:17:38      -74.880271        0.069157
FIRE:    4 12:17:38      -74.880637        0.059307
FIRE:    5 12:17:38      -74.881001        0.043527
FIRE:    6 12:17:38      -74.881339        0.032689
FIRE:    7 12:17:39      -74.881704        0.031237
FIRE:    8 12:17:39      -74.882008        0.033972
FIRE:    9 12:17:39      -74.882274        0.022912
FIRE:   10 12:17:39      -74.882401        0.028567
FIRE:   11 12:17:39      -74.882420        0.020340
FIRE:   12 12:17:39      -74.882437        0.006355
      Step     Time          Energy          fmax
FIRE:    0 12:41:03      -74.879680        0.052146
FIRE:    1 12:41:03      -74.879845        0.059621
FIRE:    2 12:41:04      -74.880030        0.068277
FIRE:    3 12:41:04      -74.880271        0.069159
FIRE:    4 12:41:04      -74.880637        0.059310
FIRE:    5 12:41:04      -74.881001        0.043529
FIRE:    6 12:41:04      -74.881339        0.032688
FIRE:    7 12:41:04      -74.881704        0.031234
FIRE:    8 12:41:04      -74.882008        0.033974
FIRE:    9 12:41:04      -74.882274        0.022917
FIRE:   10 12:41:04      -74.882401        0.028575
FIRE:   11 12:41:04      -74.882420        0.020344
FIRE:   12 12:41:04      -74.882437        0.006356
