      Step     Time          Energy          fmax
FIRE:    0 12:17:41      -73.342318        0.071576
FIRE:    1 12:17:42      -73.342567        0.045299
FIRE:    2 12:17:42      -73.342793        0.034552
FIRE:    3 12:17:42      -73.342845        0.043743
FIRE:    4 12:17:42      -73.342865        0.041012
FIRE:    5 12:17:42      -73.342898        0.035757
FIRE:    6 12:17:42      -73.342936        0.028388
FIRE:    7 12:17:42      -73.342971        0.025065
FIRE:    8 12:17:42      -73.343002        0.022685
FIRE:    9 12:17:42      -73.343032        0.021265
FIRE:   10 12:17:42      -73.343065        0.020896
FIRE:   11 12:17:42      -73.343106        0.021436
FIRE:   12 12:17:42      -73.343152        0.022388
FIRE:   13 12:17:42      -73.343205        0.022647
FIRE:   14 12:17:42      -73.343266        0.020874
FIRE:   15 12:17:42      -73.343325        0.016316
      Step     Time          Energy          fmax
FIRE:    0 12:41:06      -73.342319        0.071577
FIRE:    1 12:41:07      -73.342567        0.045301
FIRE:    2 12:41:07      -73.342793        0.034534
FIRE:    3 12:41:07      -73.342846        0.043736
FIRE:    4 12:41:07      -73.342865        0.041004
FIRE:    5 12:41:07      -73.342898        0.035750
FIRE:    6 12:41:07      -73.342936        0.028381
FIRE:    7 12:41:07      -73.342971        0.025051
FIRE:    8 12:41:07      -73.343002        0.022672
FIRE:    9 12:41:07      -73.343033        0.021255
FIRE:   10 12:41:07      -73.343066        0.020886
FIRE:   11 12:41:07      -73.343106        0.021426
FIRE:   12 12:41:07      -73.343152        0.022377
FIRE:   13 12:41:07      -73.343206        0.022636
FIRE:   14 12:41:07      -73.343266        0.020864
FIRE:   15 12:41:07      -73.343325        0.016308
